Copyright 1986-2022 Xilinx, Inc. All Rights Reserved. Copyright 2022-2026 Advanced Micro Devices, Inc. All Rights Reserved.
---------------------------------------------------------------------------------------------------------------------------------------------------------------------------------------------------------------------------------------------
| Tool Version : Vivado v.2026.1 (win64) Build 6511674 Tue Jun 16 11:02:23 MDT 2026
| Date         : Mon Sep 14 16:38:58 2026
| Host         : Jinhong running 64-bit major release  (build 9200)
| Command      : report_timing_summary -max_paths 10 -routable_nets -report_unconstrained -file seg_decoder_timing_summary_routed.rpt -pb seg_decoder_timing_summary_routed.pb -rpx seg_decoder_timing_summary_routed.rpx -warn_on_violation
| Design       : seg_decoder
| Device       : 7s75-fgga484
| Speed File   : -1  PRODUCTION 1.23 2018-06-13
| Design State : Routed
---------------------------------------------------------------------------------------------------------------------------------------------------------------------------------------------------------------------------------------------

Timing Summary Report

------------------------------------------------------------------------------------------------
| Timer Settings
| --------------
------------------------------------------------------------------------------------------------

  Enable Multi Corner Analysis               :  Yes
  Enable Pessimism Removal                   :  Yes
  Pessimism Removal Resolution               :  Nearest Common Node
  Enable Input Delay Default Clock           :  No
  Enable Preset / Clear Arcs                 :  No
  Disable Flight Delays                      :  No
  Ignore I/O Paths                           :  No
  Timing Early Launch at Borrowing Latches   :  No
  Borrow Time for Max Delay Exceptions       :  Yes
  Merge Timing Exceptions                    :  Yes
  Inter-SLR Compensation                     :  Conservative

  Corner  Analyze    Analyze    
  Name    Max Paths  Min Paths  
  ------  ---------  ---------  
  Slow    Yes        Yes        
  Fast    Yes        Yes        


------------------------------------------------------------------------------------------------
| Report Methodology
| ------------------
------------------------------------------------------------------------------------------------

No report available as report_methodology has not been run prior. Run report_methodology on the current design for the summary of methodology violations.



check_timing report

Table of Contents
-----------------
1. checking no_clock (0)
2. checking constant_clock (0)
3. checking pulse_width_clock (0)
4. checking unconstrained_internal_endpoints (0)
5. checking no_input_delay (0)
6. checking no_output_delay (0)
7. checking multiple_clock (0)
8. checking generated_clocks (0)
9. checking loops (0)
10. checking partial_input_delay (0)
11. checking partial_output_delay (0)
12. checking latch_loops (0)

1. checking no_clock (0)
------------------------
 There are 0 register/latch pins with no clock.


2. checking constant_clock (0)
------------------------------
 There are 0 register/latch pins with constant_clock.


3. checking pulse_width_clock (0)
---------------------------------
 There are 0 register/latch pins which need pulse_width check


4. checking unconstrained_internal_endpoints (0)
------------------------------------------------
 There are 0 pins that are not constrained for maximum delay.

 There are 0 pins that are not constrained for maximum delay due to constant clock.


5. checking no_input_delay (0)
------------------------------
 There are 0 input ports with no input delay specified.

 There are 0 input ports with no input delay but user has a false path constraint.


6. checking no_output_delay (0)
-------------------------------
 There are 0 ports with no output delay specified.

 There are 0 ports with no output delay but user has a false path constraint

 There are 0 ports with no output delay but with a timing clock defined on it or propagating through it


7. checking multiple_clock (0)
------------------------------
 There are 0 register/latch pins with multiple clocks.


8. checking generated_clocks (0)
--------------------------------
 There are 0 generated clocks that are not connected to a clock source.


9. checking loops (0)
---------------------
 There are 0 combinational loops in the design.


10. checking partial_input_delay (0)
------------------------------------
 There are 0 input ports with partial input delay specified.


11. checking partial_output_delay (0)
-------------------------------------
 There are 0 ports with partial output delay specified.


12. checking latch_loops (0)
----------------------------
 There are 0 combinational latch loops in the design through latch input



------------------------------------------------------------------------------------------------
| Design Timing Summary
| ---------------------
------------------------------------------------------------------------------------------------

    WNS(ns)      TNS(ns)  TNS Failing Endpoints  TNS Total Endpoints      WHS(ns)      THS(ns)  THS Failing Endpoints  THS Total Endpoints     WPWS(ns)     TPWS(ns)  TPWS Failing Endpoints  TPWS Total Endpoints  
    -------      -------  ---------------------  -------------------      -------      -------  ---------------------  -------------------     --------     --------  ----------------------  --------------------  
        inf        0.000                      0                    7          inf        0.000                      0                    7           NA           NA                      NA                    NA  


There are no user specified timing constraints.


------------------------------------------------------------------------------------------------
| Clock Summary
| -------------
------------------------------------------------------------------------------------------------


------------------------------------------------------------------------------------------------
| Intra Clock Table
| -----------------
------------------------------------------------------------------------------------------------

Clock             WNS(ns)      TNS(ns)  TNS Failing Endpoints  TNS Total Endpoints      WHS(ns)      THS(ns)  THS Failing Endpoints  THS Total Endpoints     WPWS(ns)     TPWS(ns)  TPWS Failing Endpoints  TPWS Total Endpoints  
-----             -------      -------  ---------------------  -------------------      -------      -------  ---------------------  -------------------     --------     --------  ----------------------  --------------------  


------------------------------------------------------------------------------------------------
| Inter Clock Table
| -----------------
------------------------------------------------------------------------------------------------

From Clock    To Clock          WNS(ns)      TNS(ns)  TNS Failing Endpoints  TNS Total Endpoints      WHS(ns)      THS(ns)  THS Failing Endpoints  THS Total Endpoints  
----------    --------          -------      -------  ---------------------  -------------------      -------      -------  ---------------------  -------------------  


------------------------------------------------------------------------------------------------
| Other Path Groups Table
| -----------------------
------------------------------------------------------------------------------------------------

Path Group    From Clock    To Clock          WNS(ns)      TNS(ns)  TNS Failing Endpoints  TNS Total Endpoints      WHS(ns)      THS(ns)  THS Failing Endpoints  THS Total Endpoints  
----------    ----------    --------          -------      -------  ---------------------  -------------------      -------      -------  ---------------------  -------------------  


------------------------------------------------------------------------------------------------
| User Ignored Path Table
| -----------------------
------------------------------------------------------------------------------------------------

Path Group    From Clock    To Clock    
----------    ----------    --------    


------------------------------------------------------------------------------------------------
| Unconstrained Path Table
| ------------------------
------------------------------------------------------------------------------------------------

Path Group    From Clock    To Clock    
----------    ----------    --------    
(none)                                    


------------------------------------------------------------------------------------------------
| Timing Details
| --------------
------------------------------------------------------------------------------------------------


--------------------------------------------------------------------------------------
Path Group:  (none)
From Clock:  
  To Clock:  

Max Delay             7 Endpoints
Min Delay             7 Endpoints
--------------------------------------------------------------------------------------


Max Delay Paths
--------------------------------------------------------------------------------------
Slack:                    inf
  Source:                 bcd[0]
                            (input port)
  Destination:            seg_data[4]
                            (output port)
  Path Group:             (none)
  Path Type:              Max at Slow Process Corner
  Data Path Delay:        10.160ns  (logic 5.389ns (53.042%)  route 4.771ns (46.958%))
  Logic Levels:           3  (IBUF=1 LUT4=1 OBUF=1)

    Location             Delay type                Incr(ns)  Path(ns)    Netlist Resource(s)
  -------------------------------------------------------------------    -------------------
    T1                                                0.000     0.000 r  bcd[0]
                         net (fo=0)                   0.000     0.000    bcd[0]
    T1                   IBUF (Prop_ibuf_I_O)         1.496     1.496 r  bcd_IBUF[0]_inst/O
                         net (fo=7, routed)           2.503     3.999    bcd_IBUF[0]
    SLICE_X85Y99         LUT4 (Prop_lut4_I3_O)        0.152     4.151 r  seg_data_OBUF[4]_inst_i_1/O
                         net (fo=1, routed)           2.268     6.419    seg_data_OBUF[4]
    N3                   OBUF (Prop_obuf_I_O)         3.741    10.160 r  seg_data_OBUF[4]_inst/O
                         net (fo=0)                   0.000    10.160    seg_data[4]
    N3                                                                r  seg_data[4]
  -------------------------------------------------------------------    -------------------

Slack:                    inf
  Source:                 bcd[0]
                            (input port)
  Destination:            seg_data[6]
                            (output port)
  Path Group:             (none)
  Path Type:              Max at Slow Process Corner
  Data Path Delay:        10.014ns  (logic 5.397ns (53.896%)  route 4.617ns (46.104%))
  Logic Levels:           3  (IBUF=1 LUT4=1 OBUF=1)

    Location             Delay type                Incr(ns)  Path(ns)    Netlist Resource(s)
  -------------------------------------------------------------------    -------------------
    T1                                                0.000     0.000 r  bcd[0]
                         net (fo=0)                   0.000     0.000    bcd[0]
    T1                   IBUF (Prop_ibuf_I_O)         1.496     1.496 r  bcd_IBUF[0]_inst/O
                         net (fo=7, routed)           2.504     4.000    bcd_IBUF[0]
    SLICE_X85Y99         LUT4 (Prop_lut4_I1_O)        0.154     4.154 r  seg_data_OBUF[6]_inst_i_1/O
                         net (fo=1, routed)           2.112     6.267    seg_data_OBUF[6]
    P3                   OBUF (Prop_obuf_I_O)         3.747    10.014 r  seg_data_OBUF[6]_inst/O
                         net (fo=0)                   0.000    10.014    seg_data[6]
    P3                                                                r  seg_data[6]
  -------------------------------------------------------------------    -------------------

Slack:                    inf
  Source:                 bcd[0]
                            (input port)
  Destination:            seg_data[7]
                            (output port)
  Path Group:             (none)
  Path Type:              Max at Slow Process Corner
  Data Path Delay:        9.936ns  (logic 5.173ns (52.056%)  route 4.764ns (47.944%))
  Logic Levels:           3  (IBUF=1 LUT4=1 OBUF=1)

    Location             Delay type                Incr(ns)  Path(ns)    Netlist Resource(s)
  -------------------------------------------------------------------    -------------------
    T1                                                0.000     0.000 r  bcd[0]
                         net (fo=0)                   0.000     0.000    bcd[0]
    T1                   IBUF (Prop_ibuf_I_O)         1.496     1.496 r  bcd_IBUF[0]_inst/O
                         net (fo=7, routed)           2.506     4.002    bcd_IBUF[0]
    SLICE_X85Y99         LUT4 (Prop_lut4_I3_O)        0.124     4.126 r  seg_data_OBUF[7]_inst_i_1/O
                         net (fo=1, routed)           2.258     6.384    seg_data_OBUF[7]
    P1                   OBUF (Prop_obuf_I_O)         3.553     9.936 r  seg_data_OBUF[7]_inst/O
                         net (fo=0)                   0.000     9.936    seg_data[7]
    P1                                                                r  seg_data[7]
  -------------------------------------------------------------------    -------------------

Slack:                    inf
  Source:                 bcd[0]
                            (input port)
  Destination:            seg_data[1]
                            (output port)
  Path Group:             (none)
  Path Type:              Max at Slow Process Corner
  Data Path Delay:        9.695ns  (logic 5.383ns (55.518%)  route 4.313ns (44.482%))
  Logic Levels:           3  (IBUF=1 LUT4=1 OBUF=1)

    Location             Delay type                Incr(ns)  Path(ns)    Netlist Resource(s)
  -------------------------------------------------------------------    -------------------
    T1                                                0.000     0.000 r  bcd[0]
                         net (fo=0)                   0.000     0.000    bcd[0]
    T1                   IBUF (Prop_ibuf_I_O)         1.496     1.496 r  bcd_IBUF[0]_inst/O
                         net (fo=7, routed)           2.504     4.000    bcd_IBUF[0]
    SLICE_X85Y99         LUT4 (Prop_lut4_I1_O)        0.152     4.152 r  seg_data_OBUF[1]_inst_i_1/O
                         net (fo=1, routed)           1.808     5.961    seg_data_OBUF[1]
    R4                   OBUF (Prop_obuf_I_O)         3.735     9.695 r  seg_data_OBUF[1]_inst/O
                         net (fo=0)                   0.000     9.695    seg_data[1]
    R4                                                                r  seg_data[1]
  -------------------------------------------------------------------    -------------------

Slack:                    inf
  Source:                 bcd[0]
                            (input port)
  Destination:            seg_data[3]
                            (output port)
  Path Group:             (none)
  Path Type:              Max at Slow Process Corner
  Data Path Delay:        9.543ns  (logic 5.169ns (54.160%)  route 4.375ns (45.840%))
  Logic Levels:           3  (IBUF=1 LUT4=1 OBUF=1)

    Location             Delay type                Incr(ns)  Path(ns)    Netlist Resource(s)
  -------------------------------------------------------------------    -------------------
    T1                                                0.000     0.000 f  bcd[0]
                         net (fo=0)                   0.000     0.000    bcd[0]
    T1                   IBUF (Prop_ibuf_I_O)         1.496     1.496 f  bcd_IBUF[0]_inst/O
                         net (fo=7, routed)           2.503     3.999    bcd_IBUF[0]
    SLICE_X85Y99         LUT4 (Prop_lut4_I3_O)        0.124     4.123 r  seg_data_OBUF[3]_inst_i_1/O
                         net (fo=1, routed)           1.871     5.995    seg_data_OBUF[3]
    T5                   OBUF (Prop_obuf_I_O)         3.549     9.543 r  seg_data_OBUF[3]_inst/O
                         net (fo=0)                   0.000     9.543    seg_data[3]
    T5                                                                r  seg_data[3]
  -------------------------------------------------------------------    -------------------

Slack:                    inf
  Source:                 bcd[0]
                            (input port)
  Destination:            seg_data[5]
                            (output port)
  Path Group:             (none)
  Path Type:              Max at Slow Process Corner
  Data Path Delay:        9.523ns  (logic 5.146ns (54.037%)  route 4.377ns (45.963%))
  Logic Levels:           3  (IBUF=1 LUT4=1 OBUF=1)

    Location             Delay type                Incr(ns)  Path(ns)    Netlist Resource(s)
  -------------------------------------------------------------------    -------------------
    T1                                                0.000     0.000 r  bcd[0]
                         net (fo=0)                   0.000     0.000    bcd[0]
    T1                   IBUF (Prop_ibuf_I_O)         1.496     1.496 r  bcd_IBUF[0]_inst/O
                         net (fo=7, routed)           2.504     4.000    bcd_IBUF[0]
    SLICE_X85Y99         LUT4 (Prop_lut4_I3_O)        0.124     4.124 r  seg_data_OBUF[5]_inst_i_1/O
                         net (fo=1, routed)           1.873     5.997    seg_data_OBUF[5]
    P7                   OBUF (Prop_obuf_I_O)         3.526     9.523 r  seg_data_OBUF[5]_inst/O
                         net (fo=0)                   0.000     9.523    seg_data[5]
    P7                                                                r  seg_data[5]
  -------------------------------------------------------------------    -------------------

Slack:                    inf
  Source:                 bcd[0]
                            (input port)
  Destination:            seg_data[2]
                            (output port)
  Path Group:             (none)
  Path Type:              Max at Slow Process Corner
  Data Path Delay:        9.341ns  (logic 5.172ns (55.372%)  route 4.169ns (44.628%))
  Logic Levels:           3  (IBUF=1 LUT4=1 OBUF=1)

    Location             Delay type                Incr(ns)  Path(ns)    Netlist Resource(s)
  -------------------------------------------------------------------    -------------------
    T1                                                0.000     0.000 f  bcd[0]
                         net (fo=0)                   0.000     0.000    bcd[0]
    T1                   IBUF (Prop_ibuf_I_O)         1.496     1.496 f  bcd_IBUF[0]_inst/O
                         net (fo=7, routed)           2.504     4.000    bcd_IBUF[0]
    SLICE_X85Y99         LUT4 (Prop_lut4_I2_O)        0.124     4.124 r  seg_data_OBUF[2]_inst_i_1/O
                         net (fo=1, routed)           1.664     5.789    seg_data_OBUF[2]
    R2                   OBUF (Prop_obuf_I_O)         3.552     9.341 r  seg_data_OBUF[2]_inst/O
                         net (fo=0)                   0.000     9.341    seg_data[2]
    R2                                                                r  seg_data[2]
  -------------------------------------------------------------------    -------------------





Min Delay Paths
--------------------------------------------------------------------------------------
Slack:                    inf
  Source:                 bcd[2]
                            (input port)
  Destination:            seg_data[2]
                            (output port)
  Path Group:             (none)
  Path Type:              Min at Fast Process Corner
  Data Path Delay:        2.557ns  (logic 1.580ns (61.767%)  route 0.978ns (38.233%))
  Logic Levels:           3  (IBUF=1 LUT4=1 OBUF=1)

    Location             Delay type                Incr(ns)  Path(ns)    Netlist Resource(s)
  -------------------------------------------------------------------    -------------------
    W3                                                0.000     0.000 r  bcd[2]
                         net (fo=0)                   0.000     0.000    bcd[2]
    W3                   IBUF (Prop_ibuf_I_O)         0.282     0.282 r  bcd_IBUF[2]_inst/O
                         net (fo=7, routed)           0.646     0.928    bcd_IBUF[2]
    SLICE_X85Y99         LUT4 (Prop_lut4_I1_O)        0.045     0.973 r  seg_data_OBUF[2]_inst_i_1/O
                         net (fo=1, routed)           0.331     1.304    seg_data_OBUF[2]
    R2                   OBUF (Prop_obuf_I_O)         1.253     2.557 r  seg_data_OBUF[2]_inst/O
                         net (fo=0)                   0.000     2.557    seg_data[2]
    R2                                                                r  seg_data[2]
  -------------------------------------------------------------------    -------------------

Slack:                    inf
  Source:                 bcd[3]
                            (input port)
  Destination:            seg_data[3]
                            (output port)
  Path Group:             (none)
  Path Type:              Min at Fast Process Corner
  Data Path Delay:        2.620ns  (logic 1.586ns (60.532%)  route 1.034ns (39.468%))
  Logic Levels:           3  (IBUF=1 LUT4=1 OBUF=1)

    Location             Delay type                Incr(ns)  Path(ns)    Netlist Resource(s)
  -------------------------------------------------------------------    -------------------
    Y1                                                0.000     0.000 r  bcd[3]
                         net (fo=0)                   0.000     0.000    bcd[3]
    Y1                   IBUF (Prop_ibuf_I_O)         0.291     0.291 r  bcd_IBUF[3]_inst/O
                         net (fo=7, routed)           0.614     0.905    bcd_IBUF[3]
    SLICE_X85Y99         LUT4 (Prop_lut4_I0_O)        0.045     0.950 r  seg_data_OBUF[3]_inst_i_1/O
                         net (fo=1, routed)           0.420     1.370    seg_data_OBUF[3]
    T5                   OBUF (Prop_obuf_I_O)         1.249     2.620 r  seg_data_OBUF[3]_inst/O
                         net (fo=0)                   0.000     2.620    seg_data[3]
    T5                                                                r  seg_data[3]
  -------------------------------------------------------------------    -------------------

Slack:                    inf
  Source:                 bcd[1]
                            (input port)
  Destination:            seg_data[5]
                            (output port)
  Path Group:             (none)
  Path Type:              Min at Fast Process Corner
  Data Path Delay:        2.662ns  (logic 1.543ns (57.961%)  route 1.119ns (42.039%))
  Logic Levels:           3  (IBUF=1 LUT4=1 OBUF=1)

    Location             Delay type                Incr(ns)  Path(ns)    Netlist Resource(s)
  -------------------------------------------------------------------    -------------------
    U2                                                0.000     0.000 f  bcd[1]
                         net (fo=0)                   0.000     0.000    bcd[1]
    U2                   IBUF (Prop_ibuf_I_O)         0.271     0.271 f  bcd_IBUF[1]_inst/O
                         net (fo=7, routed)           0.708     0.979    bcd_IBUF[1]
    SLICE_X85Y99         LUT4 (Prop_lut4_I2_O)        0.045     1.024 r  seg_data_OBUF[5]_inst_i_1/O
                         net (fo=1, routed)           0.411     1.435    seg_data_OBUF[5]
    P7                   OBUF (Prop_obuf_I_O)         1.227     2.662 r  seg_data_OBUF[5]_inst/O
                         net (fo=0)                   0.000     2.662    seg_data[5]
    P7                                                                r  seg_data[5]
  -------------------------------------------------------------------    -------------------

Slack:                    inf
  Source:                 bcd[2]
                            (input port)
  Destination:            seg_data[1]
                            (output port)
  Path Group:             (none)
  Path Type:              Min at Fast Process Corner
  Data Path Delay:        2.668ns  (logic 1.625ns (60.916%)  route 1.043ns (39.084%))
  Logic Levels:           3  (IBUF=1 LUT4=1 OBUF=1)

    Location             Delay type                Incr(ns)  Path(ns)    Netlist Resource(s)
  -------------------------------------------------------------------    -------------------
    W3                                                0.000     0.000 r  bcd[2]
                         net (fo=0)                   0.000     0.000    bcd[2]
    W3                   IBUF (Prop_ibuf_I_O)         0.282     0.282 r  bcd_IBUF[2]_inst/O
                         net (fo=7, routed)           0.646     0.928    bcd_IBUF[2]
    SLICE_X85Y99         LUT4 (Prop_lut4_I2_O)        0.048     0.976 r  seg_data_OBUF[1]_inst_i_1/O
                         net (fo=1, routed)           0.396     1.372    seg_data_OBUF[1]
    R4                   OBUF (Prop_obuf_I_O)         1.296     2.668 r  seg_data_OBUF[1]_inst/O
                         net (fo=0)                   0.000     2.668    seg_data[1]
    R4                                                                r  seg_data[1]
  -------------------------------------------------------------------    -------------------

Slack:                    inf
  Source:                 bcd[2]
                            (input port)
  Destination:            seg_data[7]
                            (output port)
  Path Group:             (none)
  Path Type:              Min at Fast Process Corner
  Data Path Delay:        2.777ns  (logic 1.580ns (56.895%)  route 1.197ns (43.105%))
  Logic Levels:           3  (IBUF=1 LUT4=1 OBUF=1)

    Location             Delay type                Incr(ns)  Path(ns)    Netlist Resource(s)
  -------------------------------------------------------------------    -------------------
    W3                                                0.000     0.000 r  bcd[2]
                         net (fo=0)                   0.000     0.000    bcd[2]
    W3                   IBUF (Prop_ibuf_I_O)         0.282     0.282 r  bcd_IBUF[2]_inst/O
                         net (fo=7, routed)           0.616     0.898    bcd_IBUF[2]
    SLICE_X85Y99         LUT4 (Prop_lut4_I1_O)        0.045     0.943 r  seg_data_OBUF[7]_inst_i_1/O
                         net (fo=1, routed)           0.581     1.523    seg_data_OBUF[7]
    P1                   OBUF (Prop_obuf_I_O)         1.253     2.777 r  seg_data_OBUF[7]_inst/O
                         net (fo=0)                   0.000     2.777    seg_data[7]
    P1                                                                r  seg_data[7]
  -------------------------------------------------------------------    -------------------

Slack:                    inf
  Source:                 bcd[3]
                            (input port)
  Destination:            seg_data[4]
                            (output port)
  Path Group:             (none)
  Path Type:              Min at Fast Process Corner
  Data Path Delay:        2.842ns  (logic 1.641ns (57.761%)  route 1.200ns (42.239%))
  Logic Levels:           3  (IBUF=1 LUT4=1 OBUF=1)

    Location             Delay type                Incr(ns)  Path(ns)    Netlist Resource(s)
  -------------------------------------------------------------------    -------------------
    Y1                                                0.000     0.000 r  bcd[3]
                         net (fo=0)                   0.000     0.000    bcd[3]
    Y1                   IBUF (Prop_ibuf_I_O)         0.291     0.291 r  bcd_IBUF[3]_inst/O
                         net (fo=7, routed)           0.614     0.905    bcd_IBUF[3]
    SLICE_X85Y99         LUT4 (Prop_lut4_I0_O)        0.049     0.954 r  seg_data_OBUF[4]_inst_i_1/O
                         net (fo=1, routed)           0.587     1.541    seg_data_OBUF[4]
    N3                   OBUF (Prop_obuf_I_O)         1.301     2.842 r  seg_data_OBUF[4]_inst/O
                         net (fo=0)                   0.000     2.842    seg_data[4]
    N3                                                                r  seg_data[4]
  -------------------------------------------------------------------    -------------------

Slack:                    inf
  Source:                 bcd[1]
                            (input port)
  Destination:            seg_data[6]
                            (output port)
  Path Group:             (none)
  Path Type:              Min at Fast Process Corner
  Data Path Delay:        2.864ns  (logic 1.626ns (56.756%)  route 1.239ns (43.244%))
  Logic Levels:           3  (IBUF=1 LUT4=1 OBUF=1)

    Location             Delay type                Incr(ns)  Path(ns)    Netlist Resource(s)
  -------------------------------------------------------------------    -------------------
    U2                                                0.000     0.000 r  bcd[1]
                         net (fo=0)                   0.000     0.000    bcd[1]
    U2                   IBUF (Prop_ibuf_I_O)         0.271     0.271 r  bcd_IBUF[1]_inst/O
                         net (fo=7, routed)           0.708     0.979    bcd_IBUF[1]
    SLICE_X85Y99         LUT4 (Prop_lut4_I2_O)        0.045     1.024 r  seg_data_OBUF[6]_inst_i_1/O
                         net (fo=1, routed)           0.530     1.554    seg_data_OBUF[6]
    P3                   OBUF (Prop_obuf_I_O)         1.310     2.864 r  seg_data_OBUF[6]_inst/O
                         net (fo=0)                   0.000     2.864    seg_data[6]
    P3                                                                r  seg_data[6]
  -------------------------------------------------------------------    -------------------





